System.CommandLine.Hosting
  public static class DirectiveConfigurationExtensions
    public static Microsoft.Extensions.Configuration.IConfigurationBuilder AddCommandLineDirectives(this Microsoft.Extensions.Configuration.IConfigurationBuilder config, System.CommandLine.ParseResult commandline, System.CommandLine.CliDirective directive)
  public static class HostingExtensions
    public static OptionsBuilder<TOptions> BindCommandLine<TOptions>(this OptionsBuilder<TOptions> optionsBuilder)
    public static Microsoft.Extensions.Hosting.IHost GetHost(this System.CommandLine.ParseResult parseResult)
    public static System.CommandLine.ParseResult GetParseResult(this Microsoft.Extensions.Hosting.IHostBuilder hostBuilder)
    public static System.CommandLine.ParseResult GetParseResult(this Microsoft.Extensions.Hosting.HostBuilderContext context)
    public static System.CommandLine.CliCommand UseCommandHandler<THandler>(this System.CommandLine.CliCommand command)
    public static System.CommandLine.CommandLineConfiguration UseHost(this System.CommandLine.CommandLineConfiguration builder, System.Action<Microsoft.Extensions.Hosting.IHostBuilder> configureHost = null)
    public static System.CommandLine.CommandLineConfiguration UseHost(this System.CommandLine.CommandLineConfiguration builder, System.Func<System.String[],Microsoft.Extensions.Hosting.IHostBuilder> hostBuilderFactory, System.Action<Microsoft.Extensions.Hosting.IHostBuilder> configureHost = null)
    public static Microsoft.Extensions.Hosting.IHostBuilder UseInvocationLifetime(this Microsoft.Extensions.Hosting.IHostBuilder host, System.Action<InvocationLifetimeOptions> configureOptions = null)
  public class InvocationLifetime, Microsoft.Extensions.Hosting.IHostLifetime
    .ctor(Microsoft.Extensions.Options.IOptions<InvocationLifetimeOptions> options, Microsoft.Extensions.Hosting.IHostEnvironment environment, Microsoft.Extensions.Hosting.IHostApplicationLifetime applicationLifetime, Microsoft.Extensions.Logging.ILoggerFactory loggerFactory = null)
    public Microsoft.Extensions.Hosting.IHostApplicationLifetime ApplicationLifetime { get; }
    public Microsoft.Extensions.Hosting.IHostEnvironment Environment { get; }
    public InvocationLifetimeOptions Options { get; }
    public System.Void Dispose()
    public System.Threading.Tasks.Task StopAsync(System.Threading.CancellationToken cancellationToken)
    public System.Threading.Tasks.Task WaitForStartAsync(System.Threading.CancellationToken cancellationToken)
  public class InvocationLifetimeOptions : Microsoft.Extensions.Hosting.ConsoleLifetimeOptions
    .ctor()
